Last login: Sat May 30 20:57:39 on console
Jigars-MBP:git jigarsony$ ls
Jigars-MBP:git jigarsony$ ls -a
.	..
Jigars-MBP:git jigarsony$ git init
Initialized empty Git repository in /Users/jigarsony/Desktop/git/.git/
Jigars-MBP:git jigarsony$ ls -a
.	..	.git
Jigars-MBP:git jigarsony$ ls .git
HEAD		config		hooks		objects
branches	description	info		refs
Jigars-MBP:git jigarsony$ echo "helloworld" > hello.txt
Jigars-MBP:git jigarsony$ git status
On branch master

No commits yet

Untracked files:
  (use "git add <file>..." to include in what will be committed)

	hello.txt

nothing added to commit but untracked files present (use "git add" to track)
Jigars-MBP:git jigarsony$ git add hello.txt
Jigars-MBP:git jigarsony$ git commit
[master (root-commit) c4a5d79] hello.txt added
 1 file changed, 1 insertion(+)
 create mode 100644 hello.txt
Jigars-MBP:git jigarsony$ git status
On branch master
nothing to commit, working tree clean
Jigars-MBP:git jigarsony$ cat-file -p c4a5d79
-bash: cat-file: command not found
Jigars-MBP:git jigarsony$ git cat-file -p c4a5d79
tree 4bf9d9f6bce12eecf4a108fe3c8e0b5619667274
author Jigar Sony <sonijigar94@gmail.com> 1590864842 +0530
committer Jigar Sony <sonijigar94@gmail.com> 1590864842 +0530

hello.txt added
Jigars-MBP:git jigarsony$ git cat-file -p 4bf9d9f6bce12eecf4a108fe3c8e0b5619667274
100644 blob 31e0fce560e96c8b357f5b8630c7d8fbeb0a3ec8	hello.txt
Jigars-MBP:git jigarsony$ git cat-file -p 31e0fce560e96c8b357f5b8630c7d8fbeb0a3ec8
helloworld
Jigars-MBP:git jigarsony$ git log
commit c4a5d7953d6bc33bb48dca2834b6e1ea22c1c369 (HEAD -> master)
Author: Jigar Sony <sonijigar94@gmail.com>
Date:   Sun May 31 00:24:02 2020 +0530

    hello.txt added
Jigars-MBP:git jigarsony$ git log --all --graph --decorate
* commit c4a5d7953d6bc33bb48dca2834b6e1ea22c1c369 (HEAD -> master)
  Author: Jigar Sony <sonijigar94@gmail.com>
  Date:   Sun May 31 00:24:02 2020 +0530
  
      hello.txt added
Jigars-MBP:git jigarsony$ echo "another line" >> hello.txt 
Jigars-MBP:git jigarsony$ cat hello.txt 
helloworld
another line
Jigars-MBP:git jigarsony$ git commit
On branch master
Changes not staged for commit:
	modified:   hello.txt

no changes added to commit
Jigars-MBP:git jigarsony$ git add hello.txt 
Jigars-MBP:git jigarsony$ git status
On branch master
Changes to be committed:
  (use "git reset HEAD <file>..." to unstage)

	modified:   hello.txt

Jigars-MBP:git jigarsony$ git commit
[master db8354e] added another line
 1 file changed, 1 insertion(+)
Jigars-MBP:git jigarsony$ git log --all --graph --decorate
* commit db8354e362eccc0f2653b8a51ee8aa0c5d237e23 (HEAD -> master)
| Author: Jigar Sony <sonijigar94@gmail.com>
| Date:   Sun May 31 00:50:10 2020 +0530
| 
|     added another line
| 
* commit c4a5d7953d6bc33bb48dca2834b6e1ea22c1c369
  Author: Jigar Sony <sonijigar94@gmail.com>
  Date:   Sun May 31 00:24:02 2020 +0530
  
      hello.txt added
Jigars-MBP:git jigarsony$ git checkout c4a5
Note: checking out 'c4a5'.

You are in 'detached HEAD' state. You can look around, make experimental
changes and commit them, and you can discard any commits you make in this
state without impacting any branches by performing another checkout.

If you want to create a new branch to retain commits you create, you may
do so (now or later) by using -b with the checkout command again. Example:

  git checkout -b <new-branch-name>

HEAD is now at c4a5d79 hello.txt added
Jigars-MBP:git jigarsony$ cat hello.txt 
helloworld
Jigars-MBP:git jigarsony$ git log --all --graph --decorate
* commit db8354e362eccc0f2653b8a51ee8aa0c5d237e23 (master)
| Author: Jigar Sony <sonijigar94@gmail.com>
| Date:   Sun May 31 00:50:10 2020 +0530
| 
|     added another line
| 
* commit c4a5d7953d6bc33bb48dca2834b6e1ea22c1c369 (HEAD)
  Author: Jigar Sony <sonijigar94@gmail.com>
  Date:   Sun May 31 00:24:02 2020 +0530
  
      hello.txt added
Jigars-MBP:git jigarsony$ git checkout master
Previous HEAD position was c4a5d79 hello.txt added
Switched to branch 'master'
Jigars-MBP:git jigarsony$ cat hello.txt 
helloworld
another line
Jigars-MBP:git jigarsony$ vim hello.txt 
Jigars-MBP:git jigarsony$ git checkout master
M	hello.txt
Already on 'master'
Jigars-MBP:git jigarsony$ git checkout c4a5d
error: Your local changes to the following files would be overwritten by checkout:
	hello.txt
Please commit your changes or stash them before you switch branches.
Aborting
Jigars-MBP:git jigarsony$ git checkout -f c4a5d
Note: checking out 'c4a5d'.

You are in 'detached HEAD' state. You can look around, make experimental
changes and commit them, and you can discard any commits you make in this
state without impacting any branches by performing another checkout.

If you want to create a new branch to retain commits you create, you may
do so (now or later) by using -b with the checkout command again. Example:

  git checkout -b <new-branch-name>

HEAD is now at c4a5d79 hello.txt added
Jigars-MBP:git jigarsony$ git checkout master
Previous HEAD position was c4a5d79 hello.txt added
Switched to branch 'master'
Jigars-MBP:git jigarsony$ vim hello.txt 
Jigars-MBP:git jigarsony$ git diff hello.txt 
diff --git a/hello.txt b/hello.txt
index b23dd98..b7b5ac5 100644
--- a/hello.txt
+++ b/hello.txt
@@ -1,2 +1,3 @@
 helloworld
 another line
+hehehe
Jigars-MBP:git jigarsony$ git diff c4a5d hello.txt 
diff --git a/hello.txt b/hello.txt
index 31e0fce..b7b5ac5 100644
--- a/hello.txt
+++ b/hello.txt
@@ -1 +1,3 @@
 helloworld
+another line
+hehehe
Jigars-MBP:git jigarsony$ git diff hello.txt 
diff --git a/hello.txt b/hello.txt
index b23dd98..b7b5ac5 100644
--- a/hello.txt
+++ b/hello.txt
@@ -1,2 +1,3 @@
 helloworld
 another line
+hehehe
Jigars-MBP:git jigarsony$ git diff c4a5d HEAD hello.txt 
diff --git a/hello.txt b/hello.txt
index 31e0fce..b23dd98 100644
--- a/hello.txt
+++ b/hello.txt
@@ -1 +1,2 @@
 helloworld
+another line
Jigars-MBP:git jigarsony$ git checkout hello.txt 
Jigars-MBP:git jigarsony$ git log --all --graph --decorate
* commit db8354e362eccc0f2653b8a51ee8aa0c5d237e23 (HEAD -> master)
| Author: Jigar Sony <sonijigar94@gmail.com>
| Date:   Sun May 31 00:50:10 2020 +0530
| 
|     added another line
| 
* commit c4a5d7953d6bc33bb48dca2834b6e1ea22c1c369
  Author: Jigar Sony <sonijigar94@gmail.com>
  Date:   Sun May 31 00:24:02 2020 +0530
  
      hello.txt added
Jigars-MBP:git jigarsony$ cat hello.txt 
helloworld
another line
Jigars-MBP:git jigarsony$ git branch
* master
Jigars-MBP:git jigarsony$ git branch -vv
* master db8354e added another line
Jigars-MBP:git jigarsony$ 
